Archive member included to satisfy reference by file (symbol)

target/x86_64-unknown-none/release/libkernel.a(kernel-f516bc03ffe9b977.kernel.99f6ef792b9a533b-cgu.0.rcgu.o)
                              build/boot.o (kmain)

Discarded input sections

 .comment       0x0000000000000000       0x69 target/x86_64-unknown-none/release/libkernel.a(kernel-f516bc03ffe9b977.kernel.99f6ef792b9a533b-cgu.0.rcgu.o)
 .note.GNU-stack
                0x0000000000000000        0x0 target/x86_64-unknown-none/release/libkernel.a(kernel-f516bc03ffe9b977.kernel.99f6ef792b9a533b-cgu.0.rcgu.o)

Memory Configuration

Name             Origin             Length             Attributes
*default*        0x0000000000000000 0xffffffffffffffff

Linker script and memory map

                0x0000000000007c00                . = 0x7c00

.boot           0x0000000000007c00      0x118
 *(.boot)
 .boot          0x0000000000007c00      0x115 build/boot.o
                0x0000000000007c00                start
 *(.text)
 *fill*         0x0000000000007d15        0x3 
 .text          0x0000000000007d18        0x0 target/x86_64-unknown-none/release/libkernel.a(kernel-f516bc03ffe9b977.kernel.99f6ef792b9a533b-cgu.0.rcgu.o)

.iplt           0x0000000000007d18        0x0
 .iplt          0x0000000000007d18        0x0 build/boot.o
                0x0000000000007dfe                . = 0x7dfe

.sig            0x0000000000007dfe        0x2
                0x0000000000007dfe        0x2 SHORT 0xaa55

.rela.dyn       0x0000000000007e00        0x0
 .rela.got      0x0000000000007e00        0x0 build/boot.o
 .rela.iplt     0x0000000000007e00        0x0 build/boot.o
                0x0000000000007e00                . = 0x7e00

.kernel         0x0000000000007e00     0x1058
 *(.text)
 *(.text.*)
 .text._ZN4core3fmt5Write10write_char17h072b711256e362e8E
                0x0000000000007e00      0x11a target/x86_64-unknown-none/release/libkernel.a(kernel-f516bc03ffe9b977.kernel.99f6ef792b9a533b-cgu.0.rcgu.o)
 *fill*         0x0000000000007f1a        0x6 
 .text._ZN4core3fmt5Write9write_fmt17h74b7d55624baba26E
                0x0000000000007f20        0x5 target/x86_64-unknown-none/release/libkernel.a(kernel-f516bc03ffe9b977.kernel.99f6ef792b9a533b-cgu.0.rcgu.o)
 *fill*         0x0000000000007f25        0xb 
 .text._ZN59_$LT$kernel..vga..VgaWriter$u20$as$u20$core..fmt..Write$GT$9write_str17h4575f6d5218c8158E
                0x0000000000007f30       0x86 target/x86_64-unknown-none/release/libkernel.a(kernel-f516bc03ffe9b977.kernel.99f6ef792b9a533b-cgu.0.rcgu.o)
 *fill*         0x0000000000007fb6        0xa 
 .text.kmain    0x0000000000007fc0      0x517 target/x86_64-unknown-none/release/libkernel.a(kernel-f516bc03ffe9b977.kernel.99f6ef792b9a533b-cgu.0.rcgu.o)
                0x0000000000007fc0                kmain
 *fill*         0x00000000000084d7        0x9 
 .text._ZN4core3fmt5write17hfb5402f0e9edd597E
                0x00000000000084e0      0x30a target/x86_64-unknown-none/release/libkernel.a(kernel-f516bc03ffe9b977.kernel.99f6ef792b9a533b-cgu.0.rcgu.o)
 *fill*         0x00000000000087ea        0x6 
 .text._ZN4core3fmt9Formatter12pad_integral17h6b1b2652481fc2e5E
                0x00000000000087f0      0x27d target/x86_64-unknown-none/release/libkernel.a(kernel-f516bc03ffe9b977.kernel.99f6ef792b9a533b-cgu.0.rcgu.o)
 *fill*         0x0000000000008a6d        0x3 
 .text._ZN4core3fmt9Formatter12pad_integral12write_prefix17h74fd4e71cb8a7b1cE
                0x0000000000008a70       0x54 target/x86_64-unknown-none/release/libkernel.a(kernel-f516bc03ffe9b977.kernel.99f6ef792b9a533b-cgu.0.rcgu.o)
 *fill*         0x0000000000008ac4        0xc 
 .text.unlikely._ZN4core9panicking9panic_fmt17hfc6757002a16b8afE
                0x0000000000008ad0        0x2 target/x86_64-unknown-none/release/libkernel.a(kernel-f516bc03ffe9b977.kernel.99f6ef792b9a533b-cgu.0.rcgu.o)
 *fill*         0x0000000000008ad2        0xe 
 .text._ZN4core3fmt3num3imp52_$LT$impl$u20$core..fmt..Display$u20$for$u20$i32$GT$3fmt17h2346e455a8a552dfE
                0x0000000000008ae0      0x166 target/x86_64-unknown-none/release/libkernel.a(kernel-f516bc03ffe9b977.kernel.99f6ef792b9a533b-cgu.0.rcgu.o)
 *fill*         0x0000000000008c46        0xa 
 .text._ZN4core3fmt3num53_$LT$impl$u20$core..fmt..LowerHex$u20$for$u20$i32$GT$3fmt17he9fb3c0ee2933e87E
                0x0000000000008c50       0x74 target/x86_64-unknown-none/release/libkernel.a(kernel-f516bc03ffe9b977.kernel.99f6ef792b9a533b-cgu.0.rcgu.o)
 *fill*         0x0000000000008cc4        0xc 
 .text.unlikely._ZN4core6result13unwrap_failed17h3c3d4dc948745298E
                0x0000000000008cd0        0x9 target/x86_64-unknown-none/release/libkernel.a(kernel-f516bc03ffe9b977.kernel.99f6ef792b9a533b-cgu.0.rcgu.o)
 *(.rodata*)
 *fill*         0x0000000000008cd9        0x3 
 .rodata._ZN4core3fmt9Formatter12pad_integral17h6b1b2652481fc2e5E
                0x0000000000008cdc       0x10 target/x86_64-unknown-none/release/libkernel.a(kernel-f516bc03ffe9b977.kernel.99f6ef792b9a533b-cgu.0.rcgu.o)
 .rodata..Lanon.f72c0e826e1a5aa43afcad5b779187c6.6
                0x0000000000008cec       0x12 target/x86_64-unknown-none/release/libkernel.a(kernel-f516bc03ffe9b977.kernel.99f6ef792b9a533b-cgu.0.rcgu.o)
 *fill*         0x0000000000008cfe        0x2 
 .rodata.cst4   0x0000000000008d00        0x4 target/x86_64-unknown-none/release/libkernel.a(kernel-f516bc03ffe9b977.kernel.99f6ef792b9a533b-cgu.0.rcgu.o)
 .rodata.str1.1
                0x0000000000008d04       0x25 target/x86_64-unknown-none/release/libkernel.a(kernel-f516bc03ffe9b977.kernel.99f6ef792b9a533b-cgu.0.rcgu.o)
 .rodata..Lanon.6efaa6384376ec9237064947f67c09f2.14
                0x0000000000008d29       0xc8 target/x86_64-unknown-none/release/libkernel.a(kernel-f516bc03ffe9b977.kernel.99f6ef792b9a533b-cgu.0.rcgu.o)
 .rodata.cst16  0x0000000000008df1       0x10 target/x86_64-unknown-none/release/libkernel.a(kernel-f516bc03ffe9b977.kernel.99f6ef792b9a533b-cgu.0.rcgu.o)
 .rodata..Lanon.6efaa6384376ec9237064947f67c09f2.35
                0x0000000000008e01        0x2 target/x86_64-unknown-none/release/libkernel.a(kernel-f516bc03ffe9b977.kernel.99f6ef792b9a533b-cgu.0.rcgu.o)
 *(.data*)
 *fill*         0x0000000000008e03        0x5 
 .data._ZN6kernel3vga6WRITER17hcaabc8d3898d838dE
                0x0000000000008e08       0x20 target/x86_64-unknown-none/release/libkernel.a(kernel-f516bc03ffe9b977.kernel.99f6ef792b9a533b-cgu.0.rcgu.o)
 .data.rel.ro..Lanon.f72c0e826e1a5aa43afcad5b779187c6.1
                0x0000000000008e28       0x30 target/x86_64-unknown-none/release/libkernel.a(kernel-f516bc03ffe9b977.kernel.99f6ef792b9a533b-cgu.0.rcgu.o)
 *(.bss*)

.got            0x0000000000008e58        0x0
 .got           0x0000000000008e58        0x0 build/boot.o

.got.plt        0x0000000000008e58        0x0
 .got.plt       0x0000000000008e58        0x0 build/boot.o

.igot.plt       0x0000000000008e58        0x0
 .igot.plt      0x0000000000008e58        0x0 build/boot.o

/DISCARD/
 *(.comment)
 *(.eh_frame)
 *(.note*)
LOAD build/boot.o
LOAD target/x86_64-unknown-none/release/libkernel.a
OUTPUT(build/kernel.elf elf64-x86-64)

.debug_abbrev   0x0000000000000000      0x1be
 .debug_abbrev  0x0000000000000000      0x1be target/x86_64-unknown-none/release/libkernel.a(kernel-f516bc03ffe9b977.kernel.99f6ef792b9a533b-cgu.0.rcgu.o)

.debug_info     0x0000000000000000      0xb71
 .debug_info    0x0000000000000000      0xb71 target/x86_64-unknown-none/release/libkernel.a(kernel-f516bc03ffe9b977.kernel.99f6ef792b9a533b-cgu.0.rcgu.o)

.debug_aranges  0x0000000000000000       0x90
 .debug_aranges
                0x0000000000000000       0x90 target/x86_64-unknown-none/release/libkernel.a(kernel-f516bc03ffe9b977.kernel.99f6ef792b9a533b-cgu.0.rcgu.o)

.debug_ranges   0x0000000000000000      0x330
 .debug_ranges  0x0000000000000000      0x330 target/x86_64-unknown-none/release/libkernel.a(kernel-f516bc03ffe9b977.kernel.99f6ef792b9a533b-cgu.0.rcgu.o)

.debug_str      0x0000000000000000     0x1dcb
 .debug_str     0x0000000000000000     0x1dcb target/x86_64-unknown-none/release/libkernel.a(kernel-f516bc03ffe9b977.kernel.99f6ef792b9a533b-cgu.0.rcgu.o)
                                       0x1deb (size before relaxing)

.debug_frame    0x0000000000000000      0x1c8
 .debug_frame   0x0000000000000000      0x1c8 target/x86_64-unknown-none/release/libkernel.a(kernel-f516bc03ffe9b977.kernel.99f6ef792b9a533b-cgu.0.rcgu.o)

.debug_line     0x0000000000000000      0x805
 .debug_line    0x0000000000000000      0x805 target/x86_64-unknown-none/release/libkernel.a(kernel-f516bc03ffe9b977.kernel.99f6ef792b9a533b-cgu.0.rcgu.o)
