Archive member included to satisfy reference by file (symbol)

target/x86_64-unknown-none/release/libkernel.a(kernel-f516bc03ffe9b977.kernel.99f6ef792b9a533b-cgu.0.rcgu.o)
                              build/boot.o (kmain)
target/x86_64-unknown-none/release/libkernel.a(compiler_builtins-5a0f38241443cdfd.compiler_builtins.5b2e98b61a4fdb9e-cgu.279.rcgu.o)
                              target/x86_64-unknown-none/release/libkernel.a(kernel-f516bc03ffe9b977.kernel.99f6ef792b9a533b-cgu.0.rcgu.o) (memcpy)

Discarded input sections

 .comment       0x0000000000000000       0x69 target/x86_64-unknown-none/release/libkernel.a(kernel-f516bc03ffe9b977.kernel.99f6ef792b9a533b-cgu.0.rcgu.o)
 .note.GNU-stack
                0x0000000000000000        0x0 target/x86_64-unknown-none/release/libkernel.a(kernel-f516bc03ffe9b977.kernel.99f6ef792b9a533b-cgu.0.rcgu.o)
 .llvmbc        0x0000000000000000      0xc6c target/x86_64-unknown-none/release/libkernel.a(compiler_builtins-5a0f38241443cdfd.compiler_builtins.5b2e98b61a4fdb9e-cgu.279.rcgu.o)
 .llvmcmd       0x0000000000000000        0x0 target/x86_64-unknown-none/release/libkernel.a(compiler_builtins-5a0f38241443cdfd.compiler_builtins.5b2e98b61a4fdb9e-cgu.279.rcgu.o)
 .comment       0x0000000000000000       0x35 target/x86_64-unknown-none/release/libkernel.a(compiler_builtins-5a0f38241443cdfd.compiler_builtins.5b2e98b61a4fdb9e-cgu.279.rcgu.o)
 .note.GNU-stack
                0x0000000000000000        0x0 target/x86_64-unknown-none/release/libkernel.a(compiler_builtins-5a0f38241443cdfd.compiler_builtins.5b2e98b61a4fdb9e-cgu.279.rcgu.o)

Memory Configuration

Name             Origin             Length             Attributes
*default*        0x0000000000000000 0xffffffffffffffff

Linker script and memory map

                0x0000000000007c00                . = 0x7c00

.boot           0x0000000000007c00      0x118
 *(.boot)
 .boot          0x0000000000007c00      0x115 build/boot.o
                0x0000000000007c00                start
 *(.text)
 *fill*         0x0000000000007d15        0x3 
 .text          0x0000000000007d18        0x0 target/x86_64-unknown-none/release/libkernel.a(kernel-f516bc03ffe9b977.kernel.99f6ef792b9a533b-cgu.0.rcgu.o)
 .text          0x0000000000007d18        0x0 target/x86_64-unknown-none/release/libkernel.a(compiler_builtins-5a0f38241443cdfd.compiler_builtins.5b2e98b61a4fdb9e-cgu.279.rcgu.o)

.iplt           0x0000000000007d18        0x0
 .iplt          0x0000000000007d18        0x0 build/boot.o
                0x0000000000007dfe                . = 0x7dfe

.sig            0x0000000000007dfe        0x2
                0x0000000000007dfe        0x2 SHORT 0xaa55

.rela.dyn       0x0000000000007e00        0x0
 .rela.got      0x0000000000007e00        0x0 build/boot.o
 .rela.iplt     0x0000000000007e00        0x0 build/boot.o
                0x0000000000007e00                . = 0x7e00

.kernel         0x0000000000007e00     0x1088
 *(.text)
 *(.text.*)
 .text._ZN4core3fmt5Write10write_char17h78963ad00404b88eE
                0x0000000000007e00      0x107 target/x86_64-unknown-none/release/libkernel.a(kernel-f516bc03ffe9b977.kernel.99f6ef792b9a533b-cgu.0.rcgu.o)
 *fill*         0x0000000000007f07        0x9 
 .text._ZN4core3fmt5Write9write_fmt17hbd45fc6d2f2ea0e2E
                0x0000000000007f10        0x5 target/x86_64-unknown-none/release/libkernel.a(kernel-f516bc03ffe9b977.kernel.99f6ef792b9a533b-cgu.0.rcgu.o)
 *fill*         0x0000000000007f15        0xb 
 .text._ZN59_$LT$kernel..vga..VgaWriter$u20$as$u20$core..fmt..Write$GT$9write_str17heaf12b5854f49450E
                0x0000000000007f20       0x8b target/x86_64-unknown-none/release/libkernel.a(kernel-f516bc03ffe9b977.kernel.99f6ef792b9a533b-cgu.0.rcgu.o)
 *fill*         0x0000000000007fab        0x5 
 .text._ZN6kernel3vga9VgaWriter8new_line17h19d43108ac56dafeE
                0x0000000000007fb0      0x371 target/x86_64-unknown-none/release/libkernel.a(kernel-f516bc03ffe9b977.kernel.99f6ef792b9a533b-cgu.0.rcgu.o)
 *fill*         0x0000000000008321        0xf 
 .text.kmain    0x0000000000008330      0x1c7 target/x86_64-unknown-none/release/libkernel.a(kernel-f516bc03ffe9b977.kernel.99f6ef792b9a533b-cgu.0.rcgu.o)
                0x0000000000008330                kmain
 *fill*         0x00000000000084f7        0x9 
 .text._ZN4core3fmt5write17hfb5402f0e9edd597E
                0x0000000000008500      0x2d1 target/x86_64-unknown-none/release/libkernel.a(kernel-f516bc03ffe9b977.kernel.99f6ef792b9a533b-cgu.0.rcgu.o)
 *fill*         0x00000000000087d1        0xf 
 .text._ZN4core3fmt9Formatter12pad_integral17h6b1b2652481fc2e5E
                0x00000000000087e0      0x27d target/x86_64-unknown-none/release/libkernel.a(kernel-f516bc03ffe9b977.kernel.99f6ef792b9a533b-cgu.0.rcgu.o)
 *fill*         0x0000000000008a5d        0x3 
 .text._ZN4core3fmt9Formatter12pad_integral12write_prefix17h74fd4e71cb8a7b1cE
                0x0000000000008a60       0x54 target/x86_64-unknown-none/release/libkernel.a(kernel-f516bc03ffe9b977.kernel.99f6ef792b9a533b-cgu.0.rcgu.o)
 *fill*         0x0000000000008ab4        0xc 
 .text.unlikely._ZN4core9panicking9panic_fmt17hfc6757002a16b8afE
                0x0000000000008ac0        0x2 target/x86_64-unknown-none/release/libkernel.a(kernel-f516bc03ffe9b977.kernel.99f6ef792b9a533b-cgu.0.rcgu.o)
 *fill*         0x0000000000008ac2        0xe 
 .text._ZN4core3fmt3num3imp52_$LT$impl$u20$core..fmt..Display$u20$for$u20$i32$GT$3fmt17h2346e455a8a552dfE
                0x0000000000008ad0      0x166 target/x86_64-unknown-none/release/libkernel.a(kernel-f516bc03ffe9b977.kernel.99f6ef792b9a533b-cgu.0.rcgu.o)
 *fill*         0x0000000000008c36        0xa 
 .text._ZN4core3fmt3num53_$LT$impl$u20$core..fmt..LowerHex$u20$for$u20$i32$GT$3fmt17he9fb3c0ee2933e87E
                0x0000000000008c40       0x74 target/x86_64-unknown-none/release/libkernel.a(kernel-f516bc03ffe9b977.kernel.99f6ef792b9a533b-cgu.0.rcgu.o)
 *fill*         0x0000000000008cb4        0xc 
 .text.unlikely._ZN4core6result13unwrap_failed17h3c3d4dc948745298E
                0x0000000000008cc0        0x9 target/x86_64-unknown-none/release/libkernel.a(kernel-f516bc03ffe9b977.kernel.99f6ef792b9a533b-cgu.0.rcgu.o)
 *fill*         0x0000000000008cc9        0x7 
 .text.memcpy   0x0000000000008cd0       0x2f target/x86_64-unknown-none/release/libkernel.a(compiler_builtins-5a0f38241443cdfd.compiler_builtins.5b2e98b61a4fdb9e-cgu.279.rcgu.o)
                0x0000000000008cd0                memcpy
 *(.rodata*)
 *fill*         0x0000000000008cff        0x1 
 .rodata._ZN4core3fmt9Formatter12pad_integral17h6b1b2652481fc2e5E
                0x0000000000008d00       0x10 target/x86_64-unknown-none/release/libkernel.a(kernel-f516bc03ffe9b977.kernel.99f6ef792b9a533b-cgu.0.rcgu.o)
 .rodata..Lanon.f72c0e826e1a5aa43afcad5b779187c6.6
                0x0000000000008d10       0x12 target/x86_64-unknown-none/release/libkernel.a(kernel-f516bc03ffe9b977.kernel.99f6ef792b9a533b-cgu.0.rcgu.o)
 *fill*         0x0000000000008d22        0x2 
 .rodata.cst4   0x0000000000008d24        0x4 target/x86_64-unknown-none/release/libkernel.a(kernel-f516bc03ffe9b977.kernel.99f6ef792b9a533b-cgu.0.rcgu.o)
 .rodata.str1.1
                0x0000000000008d28       0x2c target/x86_64-unknown-none/release/libkernel.a(kernel-f516bc03ffe9b977.kernel.99f6ef792b9a533b-cgu.0.rcgu.o)
 .rodata..Lanon.6efaa6384376ec9237064947f67c09f2.14
                0x0000000000008d54       0xc8 target/x86_64-unknown-none/release/libkernel.a(kernel-f516bc03ffe9b977.kernel.99f6ef792b9a533b-cgu.0.rcgu.o)
 .rodata.cst16  0x0000000000008e1c       0x10 target/x86_64-unknown-none/release/libkernel.a(kernel-f516bc03ffe9b977.kernel.99f6ef792b9a533b-cgu.0.rcgu.o)
 .rodata..Lanon.6efaa6384376ec9237064947f67c09f2.35
                0x0000000000008e2c        0x2 target/x86_64-unknown-none/release/libkernel.a(kernel-f516bc03ffe9b977.kernel.99f6ef792b9a533b-cgu.0.rcgu.o)
 *(.data*)
 *fill*         0x0000000000008e2e        0x2 
 .data._ZN6kernel3vga6WRITER17h317c8d1b98858c49E
                0x0000000000008e30       0x28 target/x86_64-unknown-none/release/libkernel.a(kernel-f516bc03ffe9b977.kernel.99f6ef792b9a533b-cgu.0.rcgu.o)
 .data.rel.ro..Lanon.f72c0e826e1a5aa43afcad5b779187c6.1
                0x0000000000008e58       0x30 target/x86_64-unknown-none/release/libkernel.a(kernel-f516bc03ffe9b977.kernel.99f6ef792b9a533b-cgu.0.rcgu.o)
 *(.bss*)

.got            0x0000000000008e88        0x8
 .got           0x0000000000008e88        0x8 build/boot.o

.got.plt        0x0000000000008e90       0x18
 .got.plt       0x0000000000008e90       0x18 build/boot.o
                0x0000000000008e90                _GLOBAL_OFFSET_TABLE_

.igot.plt       0x0000000000008ea8        0x0
 .igot.plt      0x0000000000008ea8        0x0 build/boot.o

/DISCARD/
 *(.comment)
 *(.eh_frame)
 *(.note*)
LOAD build/boot.o
LOAD target/x86_64-unknown-none/release/libkernel.a
OUTPUT(build/kernel.elf elf64-x86-64)

.debug_abbrev   0x0000000000000000      0x26c
 .debug_abbrev  0x0000000000000000      0x1be target/x86_64-unknown-none/release/libkernel.a(kernel-f516bc03ffe9b977.kernel.99f6ef792b9a533b-cgu.0.rcgu.o)
 .debug_abbrev  0x00000000000001be       0xae target/x86_64-unknown-none/release/libkernel.a(compiler_builtins-5a0f38241443cdfd.compiler_builtins.5b2e98b61a4fdb9e-cgu.279.rcgu.o)

.debug_info     0x0000000000000000      0xc88
 .debug_info    0x0000000000000000      0xb71 target/x86_64-unknown-none/release/libkernel.a(kernel-f516bc03ffe9b977.kernel.99f6ef792b9a533b-cgu.0.rcgu.o)
 .debug_info    0x0000000000000b71      0x117 target/x86_64-unknown-none/release/libkernel.a(compiler_builtins-5a0f38241443cdfd.compiler_builtins.5b2e98b61a4fdb9e-cgu.279.rcgu.o)

.debug_aranges  0x0000000000000000       0xc0
 .debug_aranges
                0x0000000000000000       0x90 target/x86_64-unknown-none/release/libkernel.a(kernel-f516bc03ffe9b977.kernel.99f6ef792b9a533b-cgu.0.rcgu.o)
 .debug_aranges
                0x0000000000000090       0x30 target/x86_64-unknown-none/release/libkernel.a(compiler_builtins-5a0f38241443cdfd.compiler_builtins.5b2e98b61a4fdb9e-cgu.279.rcgu.o)

.debug_ranges   0x0000000000000000      0x370
 .debug_ranges  0x0000000000000000      0x330 target/x86_64-unknown-none/release/libkernel.a(kernel-f516bc03ffe9b977.kernel.99f6ef792b9a533b-cgu.0.rcgu.o)
 .debug_ranges  0x0000000000000330       0x40 target/x86_64-unknown-none/release/libkernel.a(compiler_builtins-5a0f38241443cdfd.compiler_builtins.5b2e98b61a4fdb9e-cgu.279.rcgu.o)

.debug_str      0x0000000000000000     0x1fb3
 .debug_str     0x0000000000000000     0x1dcb target/x86_64-unknown-none/release/libkernel.a(kernel-f516bc03ffe9b977.kernel.99f6ef792b9a533b-cgu.0.rcgu.o)
                                       0x1deb (size before relaxing)
 .debug_str     0x0000000000001dcb      0x1e8 target/x86_64-unknown-none/release/libkernel.a(compiler_builtins-5a0f38241443cdfd.compiler_builtins.5b2e98b61a4fdb9e-cgu.279.rcgu.o)
                                        0x26c (size before relaxing)

.debug_frame    0x0000000000000000      0x288
 .debug_frame   0x0000000000000000      0x258 target/x86_64-unknown-none/release/libkernel.a(kernel-f516bc03ffe9b977.kernel.99f6ef792b9a533b-cgu.0.rcgu.o)
 .debug_frame   0x0000000000000258       0x30 target/x86_64-unknown-none/release/libkernel.a(compiler_builtins-5a0f38241443cdfd.compiler_builtins.5b2e98b61a4fdb9e-cgu.279.rcgu.o)

.debug_line     0x0000000000000000      0x9a3
 .debug_line    0x0000000000000000      0x7d8 target/x86_64-unknown-none/release/libkernel.a(kernel-f516bc03ffe9b977.kernel.99f6ef792b9a533b-cgu.0.rcgu.o)
 .debug_line    0x00000000000007d8      0x1cb target/x86_64-unknown-none/release/libkernel.a(compiler_builtins-5a0f38241443cdfd.compiler_builtins.5b2e98b61a4fdb9e-cgu.279.rcgu.o)
